// Jest Snapshot v1, https://goo.gl/fbAQLP

exports[` 1`] = `
<Checkbox
  checked={false}
  onClick={[MockFunction]}
  theme={Object {}}
/>
`;
